// Jest Snapshot v1, https://goo.gl/fbAQLP

exports[`Sidebar basic snapshot  1`] = `
<aside
  class="sc-gswNZR dNQGnt ps-sidebar-root"
  data-testid="ps-sidebar-root-test-id"
  width="250px"
>
  <div
    class="sc-dkrFOg ctWrvr ps-sidebar-container"
    data-testid="ps-sidebar-container-test-id"
  >
    Sidebar
  </div>
</aside>
`;
